// Jest Snapshot v1, https://goo.gl/fbAQLP

exports[`parsePartOfSpeech should throw on non-strings 1`] = `"Expected a string, but got: null"`;

exports[`parsePartOfSpeech should throw on unknown abbreviations 1`] = `"Failed to expand the given abbreviation: \\"unknown\\""`;
